/home/edavenport/miniforge3/envs/tpose/lib/python3.12/site-packages/xmitgcm/mds_store.py:913: UserWarning: Couldn't find available_diagnostics.log in /data/SO3/edavenport/tpose24/oct2012_TP6Vel_3month_Ri5 or /data/SO3/edavenport/tpose24/oct2012_TP6Vel_3month_Ri5. Using default version.
  warnings.warn("Couldn't find available_diagnostics.log "
/home/edavenport/miniforge3/envs/tpose/lib/python3.12/site-packages/xmitgcm/mds_store.py:289: FutureWarning: In a future version, xarray will not decode the variable 'time' into a timedelta64 dtype based on the presence of a timedelta-like 'units' attribute by default. Instead it will rely on the presence of a timedelta64 'dtype' attribute, which is now xarray's default way of encoding timedelta64 values.
To continue decoding into a timedelta64 dtype, either set `decode_timedelta=True` when opening this dataset, or add the attribute `dtype='timedelta64[ns]'` to this variable on disk.
To opt-in to future behavior, set `decode_timedelta=False`.
  ds['time'] = xr.decode_cf(ds[['time']])['time']

SUBFOLDER : 3month_Ri5
RUN_DIR   : /data/SO3/edavenport/tpose24/oct2012_TP6Vel_3month_Ri5
CACHE_FILE: /home/edavenport/analysis/tpose24-validation/EDJ_interaction/3month_Ri5/cache_edj.nc
Files     : 727
nz_use    : 96  (reading 75 MB per field per file)
  1/727  (2s elapsed, ETA 1409s)
  51/727  (109s elapsed, ETA 1447s)
  101/727  (216s elapsed, ETA 1339s)
  151/727  (318s elapsed, ETA 1214s)
  201/727  (427s elapsed, ETA 1117s)
  251/727  (542s elapsed, ETA 1027s)
  301/727  (647s elapsed, ETA 916s)
  351/727  (756s elapsed, ETA 810s)
  401/727  (865s elapsed, ETA 703s)
  451/727  (971s elapsed, ETA 594s)
  501/727  (1082s elapsed, ETA 488s)
  551/727  (1199s elapsed, ETA 383s)
  601/727  (1310s elapsed, ETA 275s)
  651/727  (1416s elapsed, ETA 165s)
  701/727  (1528s elapsed, ETA 57s)
  727/727  (1582s elapsed, ETA 0s)
Extraction done in 1581.9s
Saved → /home/edavenport/analysis/tpose24-validation/EDJ_interaction/3month_Ri5/cache_edj.nc

