/home/edavenport/miniforge3/envs/tpose/lib/python3.12/site-packages/xmitgcm/mds_store.py:913: UserWarning: Couldn't find available_diagnostics.log in /data/SO3/edavenport/tpose24/oct2012_TP6Vel_3month_Ri3 or /data/SO3/edavenport/tpose24/oct2012_TP6Vel_3month_Ri3. Using default version.
  warnings.warn("Couldn't find available_diagnostics.log "
/home/edavenport/miniforge3/envs/tpose/lib/python3.12/site-packages/xmitgcm/mds_store.py:289: FutureWarning: In a future version, xarray will not decode the variable 'time' into a timedelta64 dtype based on the presence of a timedelta-like 'units' attribute by default. Instead it will rely on the presence of a timedelta64 'dtype' attribute, which is now xarray's default way of encoding timedelta64 values.
To continue decoding into a timedelta64 dtype, either set `decode_timedelta=True` when opening this dataset, or add the attribute `dtype='timedelta64[ns]'` to this variable on disk.
To opt-in to future behavior, set `decode_timedelta=False`.
  ds['time'] = xr.decode_cf(ds[['time']])['time']

SUBFOLDER : 3month_Ri3
RUN_DIR   : /data/SO3/edavenport/tpose24/oct2012_TP6Vel_3month_Ri3
CACHE_FILE: /home/edavenport/analysis/tpose24-validation/EDJ_interaction/3month_Ri3/cache_edj.nc
Files     : 727
nz_use    : 96  (reading 75 MB per field per file)
  1/727  (2s elapsed, ETA 1479s)
  51/727  (92s elapsed, ETA 1218s)
  101/727  (189s elapsed, ETA 1171s)
  151/727  (281s elapsed, ETA 1071s)
  201/727  (379s elapsed, ETA 991s)
  251/727  (484s elapsed, ETA 918s)
  301/727  (576s elapsed, ETA 815s)
  351/727  (667s elapsed, ETA 714s)
  401/727  (750s elapsed, ETA 609s)
  451/727  (834s elapsed, ETA 510s)
  501/727  (917s elapsed, ETA 414s)
  551/727  (993s elapsed, ETA 317s)
  601/727  (1068s elapsed, ETA 224s)
  651/727  (1142s elapsed, ETA 133s)
  701/727  (1240s elapsed, ETA 46s)
  727/727  (1292s elapsed, ETA 0s)
Extraction done in 1291.7s
Saved → /home/edavenport/analysis/tpose24-validation/EDJ_interaction/3month_Ri3/cache_edj.nc

